'SPACER_0_T4R2-6R2_BOTSMT_IC_3.0' 'spacer_0_t4r2-6r2_botsmt_ic_30.txt';
'ZDIODE_0_DO214_IC_SMAJ5.0CA' 'zdiode_0_do214_ic_smaj50ca.txt';
'INDUCTOR_L2520_DISCRETE_2.2UH' 'inductor_l2520_discrete_22uh.txt';
'CT2012_0_EC6P3_100UF/25V' 'ct2012_0_ec6p3_100uf25v.txt';
'CAP_NP_C0603_DISCRETE_0.1UF' 'cap_np_c0603_discrete_01uf.txt';
'RES_5_R0603_DISCRETE_10K_5%' 'res_5_r0603_discrete_10k_5.txt';
'RES_5_R0603_DISCRETE_2.2K_5%' 'res_5_r0603_discrete_22k_5.txt';
'BEAD_L0603_DISCRETE_330@100MHZ_' 'bead_l0603_discrete_330100mhz_.txt';
'POWER JACK_3_JACK-2_5MM_B_POWER' 'powerjack_3_jack-2_5mm_b_power.txt';
'C1608_C0603_0.1UF' 'c1608_c0603_01uf.txt';
'RES_R0603_DISCRETE_10K_5%' 'res_r0603_discrete_10k_5.txt';
'DIODE BI-DIR TRIG_SOD323_PESD3V' 'diodebi-dirtrig_sod323_pesd3v.txt';
'RES_5_R0603_DISCRETE_3.3K' 'res_5_r0603_discrete_33k.txt';
'RES_5_R0603_DISCRETE_5.1K' 'res_5_r0603_discrete_51k.txt';
'RES_5_R0603_DISCRETE_4.7K' 'res_5_r0603_discrete_47k.txt';
'CAP_NP_C0603_DISCRETE_0.01UF' 'cap_np_c0603_discrete_001uf.txt';
'CAP_NP_C0603_DISCRETE_2.2UF' 'cap_np_c0603_discrete_22uf__1.txt';
'CAP_NP_C0603_DISCRETE_4.7UF' 'cap_np_c0603_discrete_47uf__1.txt';
'12MHZ_1_3215_32.768K' '12mhz_1_3215_32768k.txt';
'RES_R0603_DISCRETE_4.7K' 'res_r0603_discrete_47k.txt';
'32.768KHZ_3225_50MHZ' '32768khz_3225_50mhz.txt';
'PIEZO BUZZER_0_BUZZER_BUZZER' 'piezobuzzer_0_buzzer_buzzer.txt';
